<html>
<body>
<pre>
<h1>礦ision Build Log</h1>
<h2>Tool Versions:</h2>
IDE-Version: μVision V5.28.0.0
Copyright (C) 2019 ARM Ltd and ARM Germany GmbH. All rights reserved.
License Information: 软件安装管家 Microsoft, Microsoft, LIC=GE7Z9-4B6NZ-TJR6H-WKCAX-BCKLJ-E4J6Z
 
Tool Versions:
Toolchain:       MDK-ARM Professional  Version: 5.28.0.0
Toolchain Path:  C:\Keil_v5\ARM\ARMCC\Bin
C Compiler:      Armcc.exe V5.06 update 6 (build 750)
Assembler:       Armasm.exe V5.06 update 6 (build 750)
Linker/Locator:  ArmLink.exe V5.06 update 6 (build 750)
Library Manager: ArmAr.exe V5.06 update 6 (build 750)
Hex Converter:   FromElf.exe V5.06 update 6 (build 750)
CPU DLL:         SARMCM3.DLL V5.28.0.0
Dialog DLL:      DARMSTM.DLL V1.68.0.0
Target DLL:      CMSIS_AGDI.dll V1.31.18.0
Dialog DLL:      TARMSTM.DLL   V1.66.0.0
 
<h2>Project:</h2>
C:\Users\dell\Desktop\浑南杯\shoot - 2\USER\shoot.uvprojx
Project File Date:  09/01/2019

<h2>Output:</h2>
*** Using Compiler 'V5.06 update 6 (build 750)', folder: 'C:\Keil_v5\ARM\ARMCC\Bin'
Rebuild target 'Template'
assembling startup_stm32f10x_hd.s...
compiling core_cm3.c...
compiling stm32f10x_it.c...
compiling misc.c...
compiling system_stm32f10x.c...
compiling stm32f10x_adc.c...
compiling stm32f10x_bkp.c...
compiling stm32f10x_can.c...
compiling main.c...
main.c(381): warning:  #550-D: variable "h"  was set but never used
  	u8 h;
main.c(449): warning:  #223-D: function "abs" declared implicitly
  			 zxdx = abs(2200 - zxx);
main.c(386): warning:  #177-D: variable "t"  was declared but never referenced
     u8 t=0;
main.c(390): warning:  #177-D: variable "sd"  was declared but never referenced
  	 float sd=22.5;
main.c(391): warning:  #177-D: variable "laserright"  was declared but never referenced
  	 u16 laserleft,laserright;
main.c: 5 warnings, 0 errors
compiling stm32f10x_dac.c...
compiling stm32f10x_dbgmcu.c...
compiling stm32f10x_crc.c...
compiling stm32f10x_cec.c...
compiling stm32f10x_dma.c...
compiling stm32f10x_exti.c...
compiling stm32f10x_flash.c...
compiling stm32f10x_i2c.c...
compiling stm32f10x_pwr.c...
compiling stm32f10x_iwdg.c...
compiling stm32f10x_fsmc.c...
compiling stm32f10x_gpio.c...
compiling stm32f10x_rtc.c...
compiling stm32f10x_rcc.c...
compiling stm32f10x_wwdg.c...
compiling delay.c...
compiling stm32f10x_sdio.c...
compiling stm32f10x_spi.c...
compiling stm32f10x_usart.c...
compiling sys.c...
compiling stm32f10x_tim.c...
compiling key.c...
compiling led.c...
compiling pwm.c...
compiling laser.c...
..\HARDWARE\LASER\laser.c(84): warning:  #550-D: variable "len"  was set but never used
  	u8 len;
..\HARDWARE\LASER\laser.c(85): warning:  #550-D: variable "Distance"  was set but never used
  	u16 Distance;
..\HARDWARE\LASER\laser.c: 2 warnings, 0 errors
compiling usart.c...
..\SYSTEM\usart\usart.c(164): warning:  #550-D: variable "len"  was set but never used
  	u8 len;
..\SYSTEM\usart\usart.c: 1 warning, 0 errors
compiling chuankou.c...
compiling dm4015.c...
linking...
Program Size: Code=17864 RO-data=336 RW-data=108 ZI-data=2044  
FromELF: creating hex file...
"..\OBJ\DM4015.axf" - 0 Error(s), 8 Warning(s).

<h2>Software Packages used:</h2>

Package Vendor: Keil
                http://www.keil.com/pack/Keil.STM32F1xx_DFP.2.3.0.pack
                Keil.STM32F1xx_DFP.2.3.0
                STMicroelectronics STM32F1 Series Device Support, Drivers and Examples

<h2>Collection of Component include folders:</h2>
  .\RTE\_Template
  C:\Keil_v5\ARM\PACK\Keil\STM32F1xx_DFP\2.3.0\Device\Include

<h2>Collection of Component Files used:</h2>
Build Time Elapsed:  00:00:07
</pre>
</body>
</html>
